127.0.0.1 - - [11/May/2022:10:07:50 +0300] "GET / HTTP/1.1" 404 751
0:0:0:0:0:0:0:1 - - [11/May/2022:10:07:52 +0300] "GET /jsfdemo/faces/student_form.xhtml HTTP/1.1" 200 765
0:0:0:0:0:0:0:1 - - [11/May/2022:10:07:59 +0300] "POST /jsfdemo/faces/student_form.xhtml;jsessionid=244FEF381964FF594D6884B65A479B94 HTTP/1.1" 200 196
0:0:0:0:0:0:0:1 - - [11/May/2022:10:44:07 +0300] "GET /jsfdemo/faces/student_two_form.xhtml HTTP/1.1" 200 1071
0:0:0:0:0:0:0:1 - - [11/May/2022:10:44:15 +0300] "POST /jsfdemo/faces/student_two_form.xhtml;jsessionid=A750EA1D665719D6929D620CA386630B HTTP/1.1" 500 4421
0:0:0:0:0:0:0:1 - - [11/May/2022:10:44:51 +0300] "GET /jsfdemo/faces/student_two_form.xhtml HTTP/1.1" 200 1070
0:0:0:0:0:0:0:1 - - [11/May/2022:10:44:57 +0300] "POST /jsfdemo/faces/student_two_form.xhtml;jsessionid=05FBBF8D22F0840046C2B667FB2B7B7E HTTP/1.1" 500 4055
127.0.0.1 - - [11/May/2022:10:46:03 +0300] "GET / HTTP/1.1" 404 751
0:0:0:0:0:0:0:1 - - [11/May/2022:10:51:08 +0300] "GET /jsfdemo/faces/student_two_form.xhtml HTTP/1.1" 200 1028
0:0:0:0:0:0:0:1 - - [11/May/2022:10:51:14 +0300] "POST /jsfdemo/faces/student_two_form.xhtml HTTP/1.1" 200 239
127.0.0.1 - - [11/May/2022:10:59:22 +0300] "GET / HTTP/1.1" 404 751
0:0:0:0:0:0:0:1 - - [11/May/2022:11:01:01 +0300] "GET /jsfdemo/faces/student_two_form.xhtml HTTP/1.1" 200 1069
0:0:0:0:0:0:0:1 - - [11/May/2022:11:01:09 +0300] "POST /jsfdemo/faces/student_two_form.xhtml;jsessionid=142ECB4049513A2D6E456505CCDCB0D6 HTTP/1.1" 200 240
0:0:0:0:0:0:0:1 - - [11/May/2022:11:02:37 +0300] "GET /jsfdemo/faces/student_two_form.xhtml HTTP/1.1" 200 1070
0:0:0:0:0:0:0:1 - - [11/May/2022:11:02:45 +0300] "POST /jsfdemo/faces/student_two_form.xhtml;jsessionid=F773AA0ECEEBB7E323464866E6997DC9 HTTP/1.1" 200 239
0:0:0:0:0:0:0:1 - - [11/May/2022:11:45:50 +0300] "GET /jsfdemo/faces/student_three_form.xhtml HTTP/1.1" 500 3667
127.0.0.1 - - [11/May/2022:11:46:09 +0300] "GET / HTTP/1.1" 404 751
0:0:0:0:0:0:0:1 - - [11/May/2022:11:47:23 +0300] "GET /jsfdemo/faces/student_three_form.xhtml HTTP/1.1" 500 3667
0:0:0:0:0:0:0:1 - - [11/May/2022:11:47:42 +0300] "GET /jsfdemo/faces/student_three_form.xhtml HTTP/1.1" 200 1389
0:0:0:0:0:0:0:1 - - [11/May/2022:11:47:49 +0300] "POST /jsfdemo/faces/student_three_form.xhtml;jsessionid=75ECE8CD9D4495A529CEDDAB21307308 HTTP/1.1" 500 2290
0:0:0:0:0:0:0:1 - - [11/May/2022:11:48:19 +0300] "GET /jsfdemo/faces/student_three_form.xhtml HTTP/1.1" 200 1347
0:0:0:0:0:0:0:1 - - [11/May/2022:11:48:25 +0300] "POST /jsfdemo/faces/student_three_form.xhtml HTTP/1.1" 500 2290
127.0.0.1 - - [11/May/2022:11:48:47 +0300] "GET / HTTP/1.1" 404 751
0:0:0:0:0:0:0:1 - - [11/May/2022:11:48:53 +0300] "GET /jsfdemo/faces/student_three_form.xhtml HTTP/1.1" 200 1347
0:0:0:0:0:0:0:1 - - [11/May/2022:11:48:57 +0300] "POST /jsfdemo/faces/student_three_form.xhtml HTTP/1.1" 500 2290
127.0.0.1 - - [11/May/2022:11:50:37 +0300] "GET / HTTP/1.1" 404 751
0:0:0:0:0:0:0:1 - - [11/May/2022:11:50:41 +0300] "GET /jsfdemo/faces/student_three_form.xhtml HTTP/1.1" 200 1348
0:0:0:0:0:0:0:1 - - [11/May/2022:11:50:46 +0300] "POST /jsfdemo/faces/student_three_form.xhtml HTTP/1.1" 500 2290
0:0:0:0:0:0:0:1 - - [11/May/2022:11:51:42 +0300] "GET /jsfdemo/faces/student_three_form.xhtml HTTP/1.1" 200 1348
0:0:0:0:0:0:0:1 - - [11/May/2022:11:51:48 +0300] "POST /jsfdemo/faces/student_three_form.xhtml HTTP/1.1" 200 241
0:0:0:0:0:0:0:1 - - [11/May/2022:11:52:05 +0300] "POST /jsfdemo/faces/student_three_form.xhtml HTTP/1.1" 200 251
0:0:0:0:0:0:0:1 - - [11/May/2022:12:15:25 +0300] "GET /jsfdemo/faces/student_four_form.xhtml HTTP/1.1" 200 1392
0:0:0:0:0:0:0:1 - - [11/May/2022:12:15:30 +0300] "POST /jsfdemo/faces/student_four_form.xhtml HTTP/1.1" 500 4065
127.0.0.1 - - [11/May/2022:12:15:56 +0300] "GET / HTTP/1.1" 404 751
0:0:0:0:0:0:0:1 - - [11/May/2022:12:16:04 +0300] "GET /jsfdemo/faces/student_four_form.xhtml HTTP/1.1" 500 5523
0:0:0:0:0:0:0:1 - - [11/May/2022:12:16:22 +0300] "GET /jsfdemo/faces/student_four_form.xhtml HTTP/1.1" 500 5523
0:0:0:0:0:0:0:1 - - [11/May/2022:12:16:56 +0300] "GET /jsfdemo/faces/student_form.xhtml HTTP/1.1" 200 722
0:0:0:0:0:0:0:1 - - [11/May/2022:12:17:05 +0300] "GET /jsfdemo/faces/student_four_form.xhtml HTTP/1.1" 200 1393
0:0:0:0:0:0:0:1 - - [11/May/2022:12:17:10 +0300] "POST /jsfdemo/faces/student_four_form.xhtml HTTP/1.1" 200 291
0:0:0:0:0:0:0:1 - - [11/May/2022:12:18:34 +0300] "GET /jsfdemo/faces/student_four_form.xhtml HTTP/1.1" 200 1392
0:0:0:0:0:0:0:1 - - [11/May/2022:12:18:39 +0300] "POST /jsfdemo/faces/student_four_form.xhtml HTTP/1.1" 200 299
0:0:0:0:0:0:0:1 - - [11/May/2022:14:14:29 +0300] "GET /jsfdemo/faces/student_five_form.xhtml HTTP/1.1" 200 1390
0:0:0:0:0:0:0:1 - - [11/May/2022:14:14:35 +0300] "POST /jsfdemo/faces/student_five_form.xhtml;jsessionid=D32DB717CD7AFDFADAAED7FC337CECCA HTTP/1.1" 500 4065
127.0.0.1 - - [11/May/2022:14:14:57 +0300] "GET / HTTP/1.1" 404 751
0:0:0:0:0:0:0:1 - - [11/May/2022:14:15:19 +0300] "GET /jsfdemo/faces/student_five_form.xhtml HTTP/1.1" 500 4503
0:0:0:0:0:0:0:1 - - [11/May/2022:14:15:52 +0300] "GET /jsfdemo/faces/student_five_form.xhtml HTTP/1.1" 200 1390
0:0:0:0:0:0:0:1 - - [11/May/2022:14:15:59 +0300] "POST /jsfdemo/faces/student_five_form.xhtml HTTP/1.1" 500 3221
0:0:0:0:0:0:0:1 - - [11/May/2022:14:16:52 +0300] "GET /jsfdemo/faces/student_form.xhtml HTTP/1.1" 200 721
0:0:0:0:0:0:0:1 - - [11/May/2022:14:17:00 +0300] "GET /jsfdemo/faces/student_five_form.xhtml HTTP/1.1" 200 1435
0:0:0:0:0:0:0:1 - - [11/May/2022:14:17:03 +0300] "POST /jsfdemo/faces/student_five_form.xhtml;jsessionid=FDCC7C16417AC4F94F096568AFB9F796 HTTP/1.1" 200 252
0:0:0:0:0:0:0:1 - - [11/May/2022:14:17:14 +0300] "GET /jsfdemo/faces/student_five_form.xhtml HTTP/1.1" 200 1435
0:0:0:0:0:0:0:1 - - [11/May/2022:14:17:15 +0300] "POST /jsfdemo/faces/student_five_form.xhtml;jsessionid=C5F30874C08A9C3A6D50BA2C1588BCF0 HTTP/1.1" 200 253
0:0:0:0:0:0:0:1 - - [11/May/2022:14:57:00 +0300] "GET /validate-demo/faces/student_one_form.xhtml HTTP/1.1" 404 801
127.0.0.1 - - [11/May/2022:14:57:39 +0300] "GET / HTTP/1.1" 404 751
0:0:0:0:0:0:0:1 - - [11/May/2022:14:57:39 +0300] "GET /validate-demo/faces/student_one_form.xhtml HTTP/1.1" 200 1111
0:0:0:0:0:0:0:1 - - [11/May/2022:14:57:50 +0300] "POST /validate-demo/faces/student_one_form.xhtml HTTP/1.1" 200 1573
0:0:0:0:0:0:0:1 - - [11/May/2022:14:58:08 +0300] "POST /validate-demo/faces/student_one_form.xhtml HTTP/1.1" 200 1544
0:0:0:0:0:0:0:1 - - [11/May/2022:14:58:10 +0300] "POST /validate-demo/faces/student_one_form.xhtml HTTP/1.1" 200 248
0:0:0:0:0:0:0:1 - - [11/May/2022:15:06:57 +0300] "GET /validate-demo/faces/student_one_form.xhtml HTTP/1.1" 500 3667
0:0:0:0:0:0:0:1 - - [11/May/2022:15:07:41 +0300] "GET /validate-demo/faces/student_one_form.xhtml HTTP/1.1" 200 1213
0:0:0:0:0:0:0:1 - - [11/May/2022:15:07:41 +0300] "GET /validate-demo/faces/student_one_form.xhtml HTTP/1.1" 200 1213
0:0:0:0:0:0:0:1 - - [11/May/2022:15:07:43 +0300] "POST /validate-demo/faces/student_one_form.xhtml HTTP/1.1" 200 1704
0:0:0:0:0:0:0:1 - - [11/May/2022:15:08:22 +0300] "POST /validate-demo/faces/student_one_form.xhtml HTTP/1.1" 200 1634
0:0:0:0:0:0:0:1 - - [11/May/2022:15:08:32 +0300] "POST /validate-demo/faces/student_one_form.xhtml HTTP/1.1" 200 1724
0:0:0:0:0:0:0:1 - - [11/May/2022:15:09:39 +0300] "POST /validate-demo/faces/student_one_form.xhtml HTTP/1.1" 200 1687
0:0:0:0:0:0:0:1 - - [11/May/2022:15:09:41 +0300] "POST /validate-demo/faces/student_one_form.xhtml HTTP/1.1" 200 1687
0:0:0:0:0:0:0:1 - - [11/May/2022:15:09:41 +0300] "POST /validate-demo/faces/student_one_form.xhtml HTTP/1.1" 200 1687
0:0:0:0:0:0:0:1 - - [11/May/2022:15:09:41 +0300] "POST /validate-demo/faces/student_one_form.xhtml HTTP/1.1" 200 1687
0:0:0:0:0:0:0:1 - - [11/May/2022:15:09:41 +0300] "POST /validate-demo/faces/student_one_form.xhtml HTTP/1.1" 200 1687
0:0:0:0:0:0:0:1 - - [11/May/2022:15:09:41 +0300] "POST /validate-demo/faces/student_one_form.xhtml HTTP/1.1" 200 1687
